{
    "postcode": "B13 9SZ",
    "latitude": 52.437353914285715,
    "longitude": -1.8828399142857144,
    "addresses": [
        "32 Clarence Road, Moseley, Birmingham, West Midlands",
        "32a Clarence Road, Moseley, Birmingham, West Midlands",
        "34 Clarence Road, Moseley, Birmingham, West Midlands",
        "36 Clarence Road, Moseley, Birmingham, West Midlands",
        "38 Clarence Road, Moseley, Birmingham, West Midlands",
        "40 Clarence Road, Moseley, Birmingham, West Midlands",
        "41 Clarence Road, Moseley, Birmingham, West Midlands",
        "43 Clarence Road, Moseley, Birmingham, West Midlands",
        "45 Clarence Road, Moseley, Birmingham, West Midlands",
        "47 Clarence Road, Moseley, Birmingham, West Midlands",
        "49 Clarence Road, Moseley, Birmingham, West Midlands",
        "51 Clarence Road, Moseley, Birmingham, West Midlands",
        "Flat 1, 36 Clarence Road, Moseley, Birmingham, West Midlands",
        "Flat 2, 36 Clarence Road, Moseley, Birmingham, West Midlands"
    ]
}
